 
****************************************
Report : area
Design : Follower
Version: L-2016.03
Date   : Wed May  3 18:47:27 2017
****************************************

Library(s) Used:

    tcbn40lpbwptc (File: /cae/apps/data/tsmclibs-2013/digital/Front_End/timing_power_noise/NLDM/tcbn40lpbwp_120b/tcbn40lpbwptc.db)

Number of ports:                           27
Number of nets:                          2146
Number of cells:                         2078
Number of combinational cells:           1760
Number of sequential cells:               318
Number of macros/black boxes:               0
Number of buf/inv:                        371
Number of references:                     138

Combinational area:               2076.404429
Buf/Inv area:                      281.181608
Noncombinational area:            1372.039205
Macro/Black Box area:                0.000000
Net Interconnect area:      undefined  (Wire load has zero net area)

Total cell area:                  3448.443634
Total area:                 undefined
1
