------------------------------------------------------------
TimeQuest Timing Analyzer Summary
------------------------------------------------------------

Type  : Slow 1200mV 85C Model Setup 'clk'
Slack : -10.618
TNS   : -1342.537

Type  : Slow 1200mV 85C Model Hold 'clk'
Slack : 0.343
TNS   : 0.000

Type  : Slow 1200mV 85C Model Recovery 'clk'
Slack : -2.406
TNS   : -626.188

Type  : Slow 1200mV 85C Model Removal 'clk'
Slack : 2.507
TNS   : 0.000

Type  : Slow 1200mV 85C Model Minimum Pulse Width 'clk'
Slack : -3.000
TNS   : -314.000

Type  : Slow 1200mV 0C Model Setup 'clk'
Slack : -9.426
TNS   : -1171.612

Type  : Slow 1200mV 0C Model Hold 'clk'
Slack : 0.299
TNS   : 0.000

Type  : Slow 1200mV 0C Model Recovery 'clk'
Slack : -2.094
TNS   : -543.076

Type  : Slow 1200mV 0C Model Removal 'clk'
Slack : 2.306
TNS   : 0.000

Type  : Slow 1200mV 0C Model Minimum Pulse Width 'clk'
Slack : -3.000
TNS   : -314.000

Type  : Fast 1200mV 0C Model Setup 'clk'
Slack : -5.604
TNS   : -637.015

Type  : Fast 1200mV 0C Model Hold 'clk'
Slack : 0.178
TNS   : 0.000

Type  : Fast 1200mV 0C Model Recovery 'clk'
Slack : -1.632
TNS   : -436.089

Type  : Fast 1200mV 0C Model Removal 'clk'
Slack : 2.088
TNS   : 0.000

Type  : Fast 1200mV 0C Model Minimum Pulse Width 'clk'
Slack : -3.000
TNS   : -410.787

------------------------------------------------------------
