------------------------------------------------------------
TimeQuest Timing Analyzer Summary
------------------------------------------------------------

Type  : Slow 1200mV 85C Model Setup 'clk'
Slack : 5.544
TNS   : 0.000

Type  : Slow 1200mV 85C Model Hold 'clk'
Slack : 0.357
TNS   : 0.000

Type  : Slow 1200mV 85C Model Recovery 'clk'
Slack : 7.402
TNS   : 0.000

Type  : Slow 1200mV 85C Model Removal 'clk'
Slack : 11.145
TNS   : 0.000

Type  : Slow 1200mV 85C Model Minimum Pulse Width 'clk'
Slack : 9.549
TNS   : 0.000

Type  : Slow 1200mV 0C Model Setup 'clk'
Slack : 6.935
TNS   : 0.000

Type  : Slow 1200mV 0C Model Hold 'clk'
Slack : 0.312
TNS   : 0.000

Type  : Slow 1200mV 0C Model Recovery 'clk'
Slack : 7.465
TNS   : 0.000

Type  : Slow 1200mV 0C Model Removal 'clk'
Slack : 11.050
TNS   : 0.000

Type  : Slow 1200mV 0C Model Minimum Pulse Width 'clk'
Slack : 9.556
TNS   : 0.000

Type  : Fast 1200mV 0C Model Setup 'clk'
Slack : 10.246
TNS   : 0.000

Type  : Fast 1200mV 0C Model Hold 'clk'
Slack : 0.186
TNS   : 0.000

Type  : Fast 1200mV 0C Model Recovery 'clk'
Slack : 7.633
TNS   : 0.000

Type  : Fast 1200mV 0C Model Removal 'clk'
Slack : 11.042
TNS   : 0.000

Type  : Fast 1200mV 0C Model Minimum Pulse Width 'clk'
Slack : 9.230
TNS   : 0.000

------------------------------------------------------------
